Traceback (most recent call last):
  File "C:\Users\ASUS\Desktop\OOP\.venv\Lib\site-packages\django\db\backends\base\base.py", line 279, in ensure_connection
    self.connect()
    ~~~~~~~~~~~~^^
  File "C:\Users\ASUS\Desktop\OOP\.venv\Lib\site-packages\django\utils\asyncio.py", line 26, in inner
    return func(*args, **kwargs)
  File "C:\Users\ASUS\Desktop\OOP\.venv\Lib\site-packages\django\db\backends\base\base.py", line 256, in connect
    self.connection = self.get_new_connection(conn_params)
                      ~~~~~~~~~~~~~~~~~~~~~~~^^^^^^^^^^^^^
  File "C:\Users\ASUS\Desktop\OOP\.venv\Lib\site-packages\django\utils\asyncio.py", line 26, in inner
    return func(*args, **kwargs)
  File "C:\Users\ASUS\Desktop\OOP\.venv\Lib\site-packages\django\db\backends\postgresql\base.py", line 332, in get_new_connection
    connection = self.Database.connect(**conn_params)
  File "C:\Users\ASUS\Desktop\OOP\.venv\Lib\site-packages\psycopg\connection.py", line 127, in connect
    raise type(last_ex)("\n".join(lines)).with_traceback(None)
psycopg.OperationalError: connection failed: connection to server at "13.114.6.6", port 6543 failed: FATAL:  (ENOTFOUND) tenant/user postgres.uxwrmkkkfaxakbrvfesz not found
Multiple connection attempts failed. All failures were:
- host: 'aws-1-ap-northeast-1.pooler.supabase.com', port: '6543', hostaddr: '57.182.231.186': connection failed: connection to server at "57.182.231.186", port 6543 failed: FATAL:  (ENOTFOUND) tenant/user postgres.uxwrmkkkfaxakbrvfesz not found
- host: 'aws-1-ap-northeast-1.pooler.supabase.com', port: '6543', hostaddr: '13.114.6.6': connection failed: connection to server at "13.114.6.6", port 6543 failed: FATAL:  (ENOTFOUND) tenant/user postgres.uxwrmkkkfaxakbrvfesz not found

The above exception was the direct cause of the following exception:

Traceback (most recent call last):
  File "C:\Users\ASUS\Desktop\OOP\backend\manage.py", line 22, in <module>
    main()
    ~~~~^^
  File "C:\Users\ASUS\Desktop\OOP\backend\manage.py", line 18, in main
    execute_from_command_line(sys.argv)
    ~~~~~~~~~~~~~~~~~~~~~~~~~^^^^^^^^^^
  File "C:\Users\ASUS\Desktop\OOP\.venv\Lib\site-packages\django\core\management\__init__.py", line 442, in execute_from_command_line
    utility.execute()
    ~~~~~~~~~~~~~~~^^
  File "C:\Users\ASUS\Desktop\OOP\.venv\Lib\site-packages\django\core\management\__init__.py", line 436, in execute
    self.fetch_command(subcommand).run_from_argv(self.argv)
    ~~~~~~~~~~~~~~~~~~~~~~~~~~~~~~~~~~~~~~~~~~~~^^^^^^^^^^^
  File "C:\Users\ASUS\Desktop\OOP\.venv\Lib\site-packages\django\core\management\base.py", line 420, in run_from_argv
    self.execute(*args, **cmd_options)
    ~~~~~~~~~~~~^^^^^^^^^^^^^^^^^^^^^^
  File "C:\Users\ASUS\Desktop\OOP\.venv\Lib\site-packages\django\core\management\commands\runserver.py", line 69, in execute
    super().execute(*args, **options)
    ~~~~~~~~~~~~~~~^^^^^^^^^^^^^^^^^^
  File "C:\Users\ASUS\Desktop\OOP\.venv\Lib\site-packages\django\core\management\base.py", line 464, in execute
    output = self.handle(*args, **options)
  File "C:\Users\ASUS\Desktop\OOP\.venv\Lib\site-packages\django\core\management\commands\runserver.py", line 110, in handle
    self.run(**options)
    ~~~~~~~~^^^^^^^^^^^
  File "C:\Users\ASUS\Desktop\OOP\.venv\Lib\site-packages\django\core\management\commands\runserver.py", line 119, in run
    self.inner_run(None, **options)
    ~~~~~~~~~~~~~~^^^^^^^^^^^^^^^^^
  File "C:\Users\ASUS\Desktop\OOP\.venv\Lib\site-packages\django\core\management\commands\runserver.py", line 137, in inner_run
    self.check_migrations()
    ~~~~~~~~~~~~~~~~~~~~~^^
  File "C:\Users\ASUS\Desktop\OOP\.venv\Lib\site-packages\django\core\management\base.py", line 591, in check_migrations
    executor = MigrationExecutor(connections[DEFAULT_DB_ALIAS])
  File "C:\Users\ASUS\Desktop\OOP\.venv\Lib\site-packages\django\db\migrations\executor.py", line 18, in __init__
    self.loader = MigrationLoader(self.connection)
                  ~~~~~~~~~~~~~~~^^^^^^^^^^^^^^^^^
  File "C:\Users\ASUS\Desktop\OOP\.venv\Lib\site-packages\django\db\migrations\loader.py", line 58, in __init__
    self.build_graph()
    ~~~~~~~~~~~~~~~~^^
  File "C:\Users\ASUS\Desktop\OOP\.venv\Lib\site-packages\django\db\migrations\loader.py", line 235, in build_graph
    self.applied_migrations = recorder.applied_migrations()
                              ~~~~~~~~~~~~~~~~~~~~~~~~~~~^^
  File "C:\Users\ASUS\Desktop\OOP\.venv\Lib\site-packages\django\db\migrations\recorder.py", line 89, in applied_migrations
    if self.has_table():
       ~~~~~~~~~~~~~~^^
  File "C:\Users\ASUS\Desktop\OOP\.venv\Lib\site-packages\django\db\migrations\recorder.py", line 63, in has_table
    with self.connection.cursor() as cursor:
         ~~~~~~~~~~~~~~~~~~~~~~^^
  File "C:\Users\ASUS\Desktop\OOP\.venv\Lib\site-packages\django\utils\asyncio.py", line 26, in inner
    return func(*args, **kwargs)
  File "C:\Users\ASUS\Desktop\OOP\.venv\Lib\site-packages\django\db\backends\base\base.py", line 320, in cursor
    return self._cursor()
           ~~~~~~~~~~~~^^
  File "C:\Users\ASUS\Desktop\OOP\.venv\Lib\site-packages\django\db\backends\base\base.py", line 296, in _cursor
    self.ensure_connection()
    ~~~~~~~~~~~~~~~~~~~~~~^^
  File "C:\Users\ASUS\Desktop\OOP\.venv\Lib\site-packages\django\utils\asyncio.py", line 26, in inner
    return func(*args, **kwargs)
  File "C:\Users\ASUS\Desktop\OOP\.venv\Lib\site-packages\django\db\backends\base\base.py", line 278, in ensure_connection
    with self.wrap_database_errors:
         ^^^^^^^^^^^^^^^^^^^^^^^^^
  File "C:\Users\ASUS\Desktop\OOP\.venv\Lib\site-packages\django\db\utils.py", line 91, in __exit__
    raise dj_exc_value.with_traceback(traceback) from exc_value
  File "C:\Users\ASUS\Desktop\OOP\.venv\Lib\site-packages\django\db\backends\base\base.py", line 279, in ensure_connection
    self.connect()
    ~~~~~~~~~~~~^^
  File "C:\Users\ASUS\Desktop\OOP\.venv\Lib\site-packages\django\utils\asyncio.py", line 26, in inner
    return func(*args, **kwargs)
  File "C:\Users\ASUS\Desktop\OOP\.venv\Lib\site-packages\django\db\backends\base\base.py", line 256, in connect
    self.connection = self.get_new_connection(conn_params)
                      ~~~~~~~~~~~~~~~~~~~~~~~^^^^^^^^^^^^^
  File "C:\Users\ASUS\Desktop\OOP\.venv\Lib\site-packages\django\utils\asyncio.py", line 26, in inner
    return func(*args, **kwargs)
  File "C:\Users\ASUS\Desktop\OOP\.venv\Lib\site-packages\django\db\backends\postgresql\base.py", line 332, in get_new_connection
    connection = self.Database.connect(**conn_params)
  File "C:\Users\ASUS\Desktop\OOP\.venv\Lib\site-packages\psycopg\connection.py", line 127, in connect
    raise type(last_ex)("\n".join(lines)).with_traceback(None)
django.db.utils.OperationalError: connection failed: connection to server at "13.114.6.6", port 6543 failed: FATAL:  (ENOTFOUND) tenant/user postgres.uxwrmkkkfaxakbrvfesz not found
Multiple connection attempts failed. All failures were:
- host: 'aws-1-ap-northeast-1.pooler.supabase.com', port: '6543', hostaddr: '57.182.231.186': connection failed: connection to server at "57.182.231.186", port 6543 failed: FATAL:  (ENOTFOUND) tenant/user postgres.uxwrmkkkfaxakbrvfesz not found
- host: 'aws-1-ap-northeast-1.pooler.supabase.com', port: '6543', hostaddr: '13.114.6.6': connection failed: connection to server at "13.114.6.6", port 6543 failed: FATAL:  (ENOTFOUND) tenant/user postgres.uxwrmkkkfaxakbrvfesz not found
