Performing system checks...

System check identified no issues (0 silenced).
June 11, 2026 - 18:55:24
Django version 4.2.28, using settings 'core.settings'
Starting ASGI/Daphne version 4.2.1 development server at http://127.0.0.1:8000/
Quit the server with CTRL-BREAK.
Performing system checks...

System check identified no issues (0 silenced).
June 11, 2026 - 19:41:10
Django version 4.2.28, using settings 'core.settings'
Starting ASGI/Daphne version 4.2.1 development server at http://127.0.0.1:8000/
Quit the server with CTRL-BREAK.
Performing system checks...

System check identified no issues (0 silenced).

You have 1 unapplied migration(s). Your project may not work properly until you apply the migrations for app(s): ats_new.
Run 'python manage.py migrate' to apply them.
June 11, 2026 - 20:38:19
Django version 4.2.28, using settings 'core.settings'
Starting ASGI/Daphne version 4.2.1 development server at http://127.0.0.1:8000/
Quit the server with CTRL-BREAK.
Performing system checks...

System check identified no issues (0 silenced).

You have 1 unapplied migration(s). Your project may not work properly until you apply the migrations for app(s): ats_new.
Run 'python manage.py migrate' to apply them.
June 11, 2026 - 20:38:29
Django version 4.2.28, using settings 'core.settings'
Starting ASGI/Daphne version 4.2.1 development server at http://127.0.0.1:8000/
Quit the server with CTRL-BREAK.
Performing system checks...

System check identified no issues (0 silenced).

You have 1 unapplied migration(s). Your project may not work properly until you apply the migrations for app(s): ats_new.
Run 'python manage.py migrate' to apply them.
June 11, 2026 - 20:59:14
Django version 4.2.28, using settings 'core.settings'
Starting ASGI/Daphne version 4.2.1 development server at http://127.0.0.1:8000/
Quit the server with CTRL-BREAK.
Performing system checks...

System check identified no issues (0 silenced).

You have 1 unapplied migration(s). Your project may not work properly until you apply the migrations for app(s): ats_new.
Run 'python manage.py migrate' to apply them.
June 11, 2026 - 20:59:28
Django version 4.2.28, using settings 'core.settings'
Starting ASGI/Daphne version 4.2.1 development server at http://127.0.0.1:8000/
Quit the server with CTRL-BREAK.
Performing system checks...

System check identified no issues (0 silenced).

You have 1 unapplied migration(s). Your project may not work properly until you apply the migrations for app(s): ats_new.
Run 'python manage.py migrate' to apply them.
June 11, 2026 - 21:09:20
Django version 4.2.28, using settings 'core.settings'
Starting ASGI/Daphne version 4.2.1 development server at http://127.0.0.1:8000/
Quit the server with CTRL-BREAK.
Performing system checks...

System check identified no issues (0 silenced).

You have 1 unapplied migration(s). Your project may not work properly until you apply the migrations for app(s): ats_new.
Run 'python manage.py migrate' to apply them.
June 11, 2026 - 21:09:36
Django version 4.2.28, using settings 'core.settings'
Starting ASGI/Daphne version 4.2.1 development server at http://127.0.0.1:8000/
Quit the server with CTRL-BREAK.
Performing system checks...

System check identified no issues (0 silenced).

You have 1 unapplied migration(s). Your project may not work properly until you apply the migrations for app(s): ats_new.
Run 'python manage.py migrate' to apply them.
June 11, 2026 - 21:09:47
Django version 4.2.28, using settings 'core.settings'
Starting ASGI/Daphne version 4.2.1 development server at http://127.0.0.1:8000/
Quit the server with CTRL-BREAK.
Performing system checks...

System check identified no issues (0 silenced).

You have 1 unapplied migration(s). Your project may not work properly until you apply the migrations for app(s): ats_new.
Run 'python manage.py migrate' to apply them.
June 11, 2026 - 21:10:00
Django version 4.2.28, using settings 'core.settings'
Starting ASGI/Daphne version 4.2.1 development server at http://127.0.0.1:8000/
Quit the server with CTRL-BREAK.
Performing system checks...

System check identified no issues (0 silenced).

You have 1 unapplied migration(s). Your project may not work properly until you apply the migrations for app(s): ats_new.
Run 'python manage.py migrate' to apply them.
June 11, 2026 - 21:11:23
Django version 4.2.28, using settings 'core.settings'
Starting ASGI/Daphne version 4.2.1 development server at http://127.0.0.1:8000/
Quit the server with CTRL-BREAK.
Performing system checks...

System check identified no issues (0 silenced).
June 11, 2026 - 22:22:52
Django version 4.2.28, using settings 'core.settings'
Starting ASGI/Daphne version 4.2.1 development server at http://127.0.0.1:8000/
Quit the server with CTRL-BREAK.
Performing system checks...

System check identified no issues (0 silenced).
June 12, 2026 - 01:58:21
Django version 4.2.28, using settings 'core.settings'
Starting ASGI/Daphne version 4.2.1 development server at http://127.0.0.1:8000/
Quit the server with CTRL-BREAK.
Performing system checks...

System check identified no issues (0 silenced).

You have 1 unapplied migration(s). Your project may not work properly until you apply the migrations for app(s): ats_new.
Run 'python manage.py migrate' to apply them.
June 12, 2026 - 01:58:41
Django version 4.2.28, using settings 'core.settings'
Starting ASGI/Daphne version 4.2.1 development server at http://127.0.0.1:8000/
Quit the server with CTRL-BREAK.
Performing system checks...

System check identified no issues (0 silenced).

You have 1 unapplied migration(s). Your project may not work properly until you apply the migrations for app(s): ats_new.
Run 'python manage.py migrate' to apply them.
June 12, 2026 - 01:58:53
Django version 4.2.28, using settings 'core.settings'
Starting ASGI/Daphne version 4.2.1 development server at http://127.0.0.1:8000/
Quit the server with CTRL-BREAK.
Performing system checks...

System check identified no issues (0 silenced).

You have 1 unapplied migration(s). Your project may not work properly until you apply the migrations for app(s): ats_new.
Run 'python manage.py migrate' to apply them.
June 12, 2026 - 01:59:07
Django version 4.2.28, using settings 'core.settings'
Starting ASGI/Daphne version 4.2.1 development server at http://127.0.0.1:8000/
Quit the server with CTRL-BREAK.
Performing system checks...

System check identified no issues (0 silenced).

You have 1 unapplied migration(s). Your project may not work properly until you apply the migrations for app(s): ats_new.
Run 'python manage.py migrate' to apply them.
June 12, 2026 - 01:59:22
Django version 4.2.28, using settings 'core.settings'
Starting ASGI/Daphne version 4.2.1 development server at http://127.0.0.1:8000/
Quit the server with CTRL-BREAK.
Performing system checks...

System check identified no issues (0 silenced).
June 12, 2026 - 02:03:23
Django version 4.2.28, using settings 'core.settings'
Starting ASGI/Daphne version 4.2.1 development server at http://127.0.0.1:8000/
Quit the server with CTRL-BREAK.
Performing system checks...

Performing system checks...

System check identified no issues (0 silenced).
June 12, 2026 - 15:37:44
Django version 4.2.28, using settings 'core.settings'
Starting ASGI/Daphne version 4.2.1 development server at http://127.0.0.1:8000/
Quit the server with CTRL-BREAK.
Performing system checks...

System check identified no issues (0 silenced).
June 12, 2026 - 15:37:54
Django version 4.2.28, using settings 'core.settings'
Starting ASGI/Daphne version 4.2.1 development server at http://127.0.0.1:8000/
Quit the server with CTRL-BREAK.
Performing system checks...

System check identified no issues (0 silenced).
June 12, 2026 - 16:35:57
Django version 4.2.28, using settings 'core.settings'
Starting ASGI/Daphne version 4.2.1 development server at http://127.0.0.1:8000/
Quit the server with CTRL-BREAK.
Performing system checks...

System check identified no issues (0 silenced).
June 12, 2026 - 16:36:15
Django version 4.2.28, using settings 'core.settings'
Starting ASGI/Daphne version 4.2.1 development server at http://127.0.0.1:8000/
Quit the server with CTRL-BREAK.
Performing system checks...

System check identified no issues (0 silenced).
June 12, 2026 - 20:39:21
Django version 4.2.28, using settings 'core.settings'
Starting ASGI/Daphne version 4.2.1 development server at http://127.0.0.1:8000/
Quit the server with CTRL-BREAK.
Performing system checks...

System check identified no issues (0 silenced).
June 12, 2026 - 20:39:35
Django version 4.2.28, using settings 'core.settings'
Starting ASGI/Daphne version 4.2.1 development server at http://127.0.0.1:8000/
Quit the server with CTRL-BREAK.
Performing system checks...

System check identified no issues (0 silenced).
June 12, 2026 - 21:36:45
Django version 4.2.28, using settings 'core.settings'
Starting ASGI/Daphne version 4.2.1 development server at http://127.0.0.1:8000/
Quit the server with CTRL-BREAK.
Performing system checks...

System check identified no issues (0 silenced).
June 13, 2026 - 12:36:11
Django version 4.2.28, using settings 'core.settings'
Starting ASGI/Daphne version 4.2.1 development server at http://127.0.0.1:8000/
Quit the server with CTRL-BREAK.
Performing system checks...

System check identified no issues (0 silenced).
June 13, 2026 - 14:03:45
Django version 4.2.28, using settings 'core.settings'
Starting ASGI/Daphne version 4.2.1 development server at http://127.0.0.1:8000/
Quit the server with CTRL-BREAK.
Performing system checks...

System check identified no issues (0 silenced).
June 14, 2026 - 22:03:40
Django version 4.2.28, using settings 'core.settings'
Starting ASGI/Daphne version 4.2.1 development server at http://127.0.0.1:8000/
Quit the server with CTRL-BREAK.
Performing system checks...

System check identified no issues (0 silenced).
June 14, 2026 - 22:03:45
Django version 4.2.28, using settings 'core.settings'
Starting ASGI/Daphne version 4.2.1 development server at http://127.0.0.1:8000/
Quit the server with CTRL-BREAK.
Performing system checks...

System check identified no issues (0 silenced).
June 15, 2026 - 02:22:34
Django version 4.2.28, using settings 'core.settings'
Starting ASGI/Daphne version 4.2.1 development server at http://127.0.0.1:8000/
Quit the server with CTRL-BREAK.
Performing system checks...

System check identified no issues (0 silenced).
June 15, 2026 - 02:22:45
Django version 4.2.28, using settings 'core.settings'
Starting ASGI/Daphne version 4.2.1 development server at http://127.0.0.1:8000/
Quit the server with CTRL-BREAK.
Performing system checks...

System check identified no issues (0 silenced).
June 15, 2026 - 02:23:15
Django version 4.2.28, using settings 'core.settings'
Starting ASGI/Daphne version 4.2.1 development server at http://127.0.0.1:8000/
Quit the server with CTRL-BREAK.
Performing system checks...

System check identified no issues (0 silenced).
June 15, 2026 - 02:23:41
Django version 4.2.28, using settings 'core.settings'
Starting ASGI/Daphne version 4.2.1 development server at http://127.0.0.1:8000/
Quit the server with CTRL-BREAK.
Performing system checks...

System check identified no issues (0 silenced).
June 15, 2026 - 02:24:11
Django version 4.2.28, using settings 'core.settings'
Starting ASGI/Daphne version 4.2.1 development server at http://127.0.0.1:8000/
Quit the server with CTRL-BREAK.
Performing system checks...

System check identified no issues (0 silenced).
June 15, 2026 - 14:44:01
Django version 4.2.28, using settings 'core.settings'
Starting ASGI/Daphne version 4.2.1 development server at http://127.0.0.1:8000/
Quit the server with CTRL-BREAK.
Performing system checks...

System check identified no issues (0 silenced).

You have 1 unapplied migration(s). Your project may not work properly until you apply the migrations for app(s): ats_new.
Run 'python manage.py migrate' to apply them.
June 15, 2026 - 14:44:11
Django version 4.2.28, using settings 'core.settings'
Starting ASGI/Daphne version 4.2.1 development server at http://127.0.0.1:8000/
Quit the server with CTRL-BREAK.
Performing system checks...

System check identified no issues (0 silenced).

You have 1 unapplied migration(s). Your project may not work properly until you apply the migrations for app(s): ats_new.
Run 'python manage.py migrate' to apply them.
June 15, 2026 - 14:49:11
Django version 4.2.28, using settings 'core.settings'
Starting ASGI/Daphne version 4.2.1 development server at http://127.0.0.1:8000/
Quit the server with CTRL-BREAK.
Performing system checks...

System check identified no issues (0 silenced).

You have 1 unapplied migration(s). Your project may not work properly until you apply the migrations for app(s): ats_new.
Run 'python manage.py migrate' to apply them.
June 15, 2026 - 15:12:11
Django version 4.2.28, using settings 'core.settings'
Starting ASGI/Daphne version 4.2.1 development server at http://127.0.0.1:8000/
Quit the server with CTRL-BREAK.
Performing system checks...

System check identified no issues (0 silenced).

You have 2 unapplied migration(s). Your project may not work properly until you apply the migrations for app(s): ats_new.
Run 'python manage.py migrate' to apply them.
June 15, 2026 - 15:12:26
Django version 4.2.28, using settings 'core.settings'
Starting ASGI/Daphne version 4.2.1 development server at http://127.0.0.1:8000/
Quit the server with CTRL-BREAK.
Performing system checks...

System check identified no issues (0 silenced).
June 15, 2026 - 15:57:54
Django version 4.2.28, using settings 'core.settings'
Starting ASGI/Daphne version 4.2.1 development server at http://127.0.0.1:8000/
Quit the server with CTRL-BREAK.
Performing system checks...

System check identified no issues (0 silenced).
June 15, 2026 - 16:10:50
Django version 4.2.28, using settings 'core.settings'
Starting ASGI/Daphne version 4.2.1 development server at http://127.0.0.1:8000/
Quit the server with CTRL-BREAK.
Performing system checks...

System check identified no issues (0 silenced).
June 15, 2026 - 16:11:03
Django version 4.2.28, using settings 'core.settings'
Starting ASGI/Daphne version 4.2.1 development server at http://127.0.0.1:8000/
Quit the server with CTRL-BREAK.
Performing system checks...

System check identified no issues (0 silenced).
June 15, 2026 - 16:11:10
Django version 4.2.28, using settings 'core.settings'
Starting ASGI/Daphne version 4.2.1 development server at http://127.0.0.1:8000/
Quit the server with CTRL-BREAK.
Performing system checks...

System check identified no issues (0 silenced).
June 15, 2026 - 16:13:06
Django version 4.2.28, using settings 'core.settings'
Starting ASGI/Daphne version 4.2.1 development server at http://127.0.0.1:8000/
Quit the server with CTRL-BREAK.
Performing system checks...

System check identified no issues (0 silenced).
June 15, 2026 - 16:18:10
Django version 4.2.28, using settings 'core.settings'
Starting ASGI/Daphne version 4.2.1 development server at http://127.0.0.1:8000/
Quit the server with CTRL-BREAK.
Performing system checks...

System check identified no issues (0 silenced).
June 15, 2026 - 16:30:13
Django version 4.2.28, using settings 'core.settings'
Starting ASGI/Daphne version 4.2.1 development server at http://127.0.0.1:8000/
Quit the server with CTRL-BREAK.
Performing system checks...

System check identified no issues (0 silenced).
June 15, 2026 - 16:38:19
Django version 4.2.28, using settings 'core.settings'
Starting ASGI/Daphne version 4.2.1 development server at http://127.0.0.1:8000/
Quit the server with CTRL-BREAK.
Performing system checks...

System check identified no issues (0 silenced).
June 15, 2026 - 16:38:27
Django version 4.2.28, using settings 'core.settings'
Starting ASGI/Daphne version 4.2.1 development server at http://127.0.0.1:8000/
Quit the server with CTRL-BREAK.
Performing system checks...

System check identified no issues (0 silenced).
June 15, 2026 - 22:54:36
Django version 4.2.28, using settings 'core.settings'
Starting ASGI/Daphne version 4.2.1 development server at http://127.0.0.1:8000/
Quit the server with CTRL-BREAK.
Performing system checks...

Performing system checks...

System check identified no issues (0 silenced).
June 15, 2026 - 23:28:17
Django version 4.2.28, using settings 'core.settings'
Starting ASGI/Daphne version 4.2.1 development server at http://127.0.0.1:8000/
Quit the server with CTRL-BREAK.
Performing system checks...

System check identified no issues (0 silenced).
June 15, 2026 - 23:28:23
Django version 4.2.28, using settings 'core.settings'
Starting ASGI/Daphne version 4.2.1 development server at http://127.0.0.1:8000/
Quit the server with CTRL-BREAK.
